Command: vcs -full64 -sverilog -ntb_opts uvm-1.2 -timescale=1ns/1ps -debug_access+all \
-kdb -lca -f filelist.f -l compile.log
                         Chronologic VCS (TM)
      Version Q-2020.03-SP2-8_Full64 -- Sat Jul 25 12:42:36 2026
               Copyright (c) 1991-2020 by Synopsys Inc.
                         ALL RIGHTS RESERVED

This program is proprietary and confidential information of Synopsys Inc.
and may be used and disclosed only as authorized in a license agreement
controlling such use and disclosure.


Warning-[LCA_FEATURES_ENABLED] Usage warning
  LCA features enabled by '-lca' argument on the command line.  For more 
  information regarding list of LCA features please refer to Chapter "LCA 
  features" in the VCS Release Notes

Parsing design file '/fetools/synopsys/installed_tools/vcs/vcs/Q-2020.03-SP2-8/etc/uvm-1.2/uvm_pkg.sv'
Parsing included file '/fetools/synopsys/installed_tools/vcs/vcs/Q-2020.03-SP2-8/etc/uvm-1.2/uvm_macros.svh'.
Parsing included file '/fetools/synopsys/installed_tools/vcs/vcs/Q-2020.03-SP2-8/etc/uvm-1.2/macros/uvm_version_defines.svh'.
Back to file '/fetools/synopsys/installed_tools/vcs/vcs/Q-2020.03-SP2-8/etc/uvm-1.2/uvm_macros.svh'.
Parsing included file '/fetools/synopsys/installed_tools/vcs/vcs/Q-2020.03-SP2-8/etc/uvm-1.2/macros/uvm_global_defines.svh'.
Back to file '/fetools/synopsys/installed_tools/vcs/vcs/Q-2020.03-SP2-8/etc/uvm-1.2/uvm_macros.svh'.
Parsing included file '/fetools/synopsys/installed_tools/vcs/vcs/Q-2020.03-SP2-8/etc/uvm-1.2/macros/snps_macros.svp'.
Back to file '/fetools/synopsys/installed_tools/vcs/vcs/Q-2020.03-SP2-8/etc/uvm-1.2/uvm_macros.svh'.
Parsing included file '/fetools/synopsys/installed_tools/vcs/vcs/Q-2020.03-SP2-8/etc/uvm-1.2/macros/uvm_message_defines.svh'.
Back to file '/fetools/synopsys/installed_tools/vcs/vcs/Q-2020.03-SP2-8/etc/uvm-1.2/uvm_macros.svh'.
Parsing included file '/fetools/synopsys/installed_tools/vcs/vcs/Q-2020.03-SP2-8/etc/uvm-1.2/macros/uvm_phase_defines.svh'.
Back to file '/fetools/synopsys/installed_tools/vcs/vcs/Q-2020.03-SP2-8/etc/uvm-1.2/uvm_macros.svh'.
Parsing included file '/fetools/synopsys/installed_tools/vcs/vcs/Q-2020.03-SP2-8/etc/uvm-1.2/macros/uvm_object_defines.svh'.
Back to file '/fetools/synopsys/installed_tools/vcs/vcs/Q-2020.03-SP2-8/etc/uvm-1.2/uvm_macros.svh'.
Parsing included file '/fetools/synopsys/installed_tools/vcs/vcs/Q-2020.03-SP2-8/etc/uvm-1.2/macros/uvm_printer_defines.svh'.
Back to file '/fetools/synopsys/installed_tools/vcs/vcs/Q-2020.03-SP2-8/etc/uvm-1.2/uvm_macros.svh'.
Parsing included file '/fetools/synopsys/installed_tools/vcs/vcs/Q-2020.03-SP2-8/etc/uvm-1.2/macros/uvm_tlm_defines.svh'.
Parsing included file '/fetools/synopsys/installed_tools/vcs/vcs/Q-2020.03-SP2-8/etc/uvm-1.2/tlm1/uvm_tlm_imps.svh'.
Back to file '/fetools/synopsys/installed_tools/vcs/vcs/Q-2020.03-SP2-8/etc/uvm-1.2/macros/uvm_tlm_defines.svh'.
Back to file '/fetools/synopsys/installed_tools/vcs/vcs/Q-2020.03-SP2-8/etc/uvm-1.2/uvm_macros.svh'.
Parsing included file '/fetools/synopsys/installed_tools/vcs/vcs/Q-2020.03-SP2-8/etc/uvm-1.2/macros/uvm_sequence_defines.svh'.
Back to file '/fetools/synopsys/installed_tools/vcs/vcs/Q-2020.03-SP2-8/etc/uvm-1.2/uvm_macros.svh'.
Parsing included file '/fetools/synopsys/installed_tools/vcs/vcs/Q-2020.03-SP2-8/etc/uvm-1.2/macros/uvm_callback_defines.svh'.
Back to file '/fetools/synopsys/installed_tools/vcs/vcs/Q-2020.03-SP2-8/etc/uvm-1.2/uvm_macros.svh'.
Parsing included file '/fetools/synopsys/installed_tools/vcs/vcs/Q-2020.03-SP2-8/etc/uvm-1.2/macros/uvm_reg_defines.svh'.
Back to file '/fetools/synopsys/installed_tools/vcs/vcs/Q-2020.03-SP2-8/etc/uvm-1.2/uvm_macros.svh'.
Parsing included file '/fetools/synopsys/installed_tools/vcs/vcs/Q-2020.03-SP2-8/etc/uvm-1.2/macros/uvm_deprecated_defines.svh'.
Back to file '/fetools/synopsys/installed_tools/vcs/vcs/Q-2020.03-SP2-8/etc/uvm-1.2/uvm_macros.svh'.
Back to file '/fetools/synopsys/installed_tools/vcs/vcs/Q-2020.03-SP2-8/etc/uvm-1.2/uvm_pkg.sv'.
Parsing included file '/fetools/synopsys/installed_tools/vcs/vcs/Q-2020.03-SP2-8/etc/uvm-1.2/dpi/uvm_dpi.svh'.
Parsing included file '/fetools/synopsys/installed_tools/vcs/vcs/Q-2020.03-SP2-8/etc/uvm-1.2/dpi/uvm_hdl.svh'.
Back to file '/fetools/synopsys/installed_tools/vcs/vcs/Q-2020.03-SP2-8/etc/uvm-1.2/dpi/uvm_dpi.svh'.
Parsing included file '/fetools/synopsys/installed_tools/vcs/vcs/Q-2020.03-SP2-8/etc/uvm-1.2/dpi/uvm_svcmd_dpi.svh'.
Back to file '/fetools/synopsys/installed_tools/vcs/vcs/Q-2020.03-SP2-8/etc/uvm-1.2/dpi/uvm_dpi.svh'.
Parsing included file '/fetools/synopsys/installed_tools/vcs/vcs/Q-2020.03-SP2-8/etc/uvm-1.2/dpi/uvm_regex.svh'.
Back to file '/fetools/synopsys/installed_tools/vcs/vcs/Q-2020.03-SP2-8/etc/uvm-1.2/dpi/uvm_dpi.svh'.
Back to file '/fetools/synopsys/installed_tools/vcs/vcs/Q-2020.03-SP2-8/etc/uvm-1.2/uvm_pkg.sv'.
Parsing included file '/fetools/synopsys/installed_tools/vcs/vcs/Q-2020.03-SP2-8/etc/uvm-1.2/base/uvm_base.svh'.
Parsing included file '/fetools/synopsys/installed_tools/vcs/vcs/Q-2020.03-SP2-8/etc/uvm-1.2/base/uvm_coreservice.svh'.
Back to file '/fetools/synopsys/installed_tools/vcs/vcs/Q-2020.03-SP2-8/etc/uvm-1.2/base/uvm_base.svh'.
Parsing included file '/fetools/synopsys/installed_tools/vcs/vcs/Q-2020.03-SP2-8/etc/uvm-1.2/base/uvm_version.svh'.
Back to file '/fetools/synopsys/installed_tools/vcs/vcs/Q-2020.03-SP2-8/etc/uvm-1.2/base/uvm_base.svh'.
Parsing included file '/fetools/synopsys/installed_tools/vcs/vcs/Q-2020.03-SP2-8/etc/uvm-1.2/base/uvm_object_globals.svh'.
Back to file '/fetools/synopsys/installed_tools/vcs/vcs/Q-2020.03-SP2-8/etc/uvm-1.2/base/uvm_base.svh'.
Parsing included file '/fetools/synopsys/installed_tools/vcs/vcs/Q-2020.03-SP2-8/etc/uvm-1.2/base/uvm_misc.svh'.
Back to file '/fetools/synopsys/installed_tools/vcs/vcs/Q-2020.03-SP2-8/etc/uvm-1.2/base/uvm_base.svh'.
Parsing included file '/fetools/synopsys/installed_tools/vcs/vcs/Q-2020.03-SP2-8/etc/uvm-1.2/base/uvm_object.svh'.
Back to file '/fetools/synopsys/installed_tools/vcs/vcs/Q-2020.03-SP2-8/etc/uvm-1.2/base/uvm_base.svh'.
Parsing included file '/fetools/synopsys/installed_tools/vcs/vcs/Q-2020.03-SP2-8/etc/uvm-1.2/base/uvm_pool.svh'.
Back to file '/fetools/synopsys/installed_tools/vcs/vcs/Q-2020.03-SP2-8/etc/uvm-1.2/base/uvm_base.svh'.
Parsing included file '/fetools/synopsys/installed_tools/vcs/vcs/Q-2020.03-SP2-8/etc/uvm-1.2/base/uvm_queue.svh'.
Back to file '/fetools/synopsys/installed_tools/vcs/vcs/Q-2020.03-SP2-8/etc/uvm-1.2/base/uvm_base.svh'.
Parsing included file '/fetools/synopsys/installed_tools/vcs/vcs/Q-2020.03-SP2-8/etc/uvm-1.2/base/uvm_factory.svh'.
Back to file '/fetools/synopsys/installed_tools/vcs/vcs/Q-2020.03-SP2-8/etc/uvm-1.2/base/uvm_base.svh'.
Parsing included file '/fetools/synopsys/installed_tools/vcs/vcs/Q-2020.03-SP2-8/etc/uvm-1.2/base/uvm_registry.svh'.
Back to file '/fetools/synopsys/installed_tools/vcs/vcs/Q-2020.03-SP2-8/etc/uvm-1.2/base/uvm_base.svh'.
Parsing included file '/fetools/synopsys/installed_tools/vcs/vcs/Q-2020.03-SP2-8/etc/uvm-1.2/base/uvm_spell_chkr.svh'.
Back to file '/fetools/synopsys/installed_tools/vcs/vcs/Q-2020.03-SP2-8/etc/uvm-1.2/base/uvm_base.svh'.
Parsing included file '/fetools/synopsys/installed_tools/vcs/vcs/Q-2020.03-SP2-8/etc/uvm-1.2/base/uvm_resource.svh'.
Back to file '/fetools/synopsys/installed_tools/vcs/vcs/Q-2020.03-SP2-8/etc/uvm-1.2/base/uvm_base.svh'.
Parsing included file '/fetools/synopsys/installed_tools/vcs/vcs/Q-2020.03-SP2-8/etc/uvm-1.2/base/uvm_resource_specializations.svh'.
Back to file '/fetools/synopsys/installed_tools/vcs/vcs/Q-2020.03-SP2-8/etc/uvm-1.2/base/uvm_base.svh'.
Parsing included file '/fetools/synopsys/installed_tools/vcs/vcs/Q-2020.03-SP2-8/etc/uvm-1.2/base/uvm_resource_db.svh'.
Back to file '/fetools/synopsys/installed_tools/vcs/vcs/Q-2020.03-SP2-8/etc/uvm-1.2/base/uvm_base.svh'.
Parsing included file '/fetools/synopsys/installed_tools/vcs/vcs/Q-2020.03-SP2-8/etc/uvm-1.2/base/uvm_config_db.svh'.
Back to file '/fetools/synopsys/installed_tools/vcs/vcs/Q-2020.03-SP2-8/etc/uvm-1.2/base/uvm_base.svh'.
Parsing included file '/fetools/synopsys/installed_tools/vcs/vcs/Q-2020.03-SP2-8/etc/uvm-1.2/base/uvm_printer.svh'.
Back to file '/fetools/synopsys/installed_tools/vcs/vcs/Q-2020.03-SP2-8/etc/uvm-1.2/base/uvm_base.svh'.
Parsing included file '/fetools/synopsys/installed_tools/vcs/vcs/Q-2020.03-SP2-8/etc/uvm-1.2/base/uvm_comparer.svh'.
Back to file '/fetools/synopsys/installed_tools/vcs/vcs/Q-2020.03-SP2-8/etc/uvm-1.2/base/uvm_base.svh'.
Parsing included file '/fetools/synopsys/installed_tools/vcs/vcs/Q-2020.03-SP2-8/etc/uvm-1.2/base/uvm_packer.svh'.
Back to file '/fetools/synopsys/installed_tools/vcs/vcs/Q-2020.03-SP2-8/etc/uvm-1.2/base/uvm_base.svh'.
Parsing included file '/fetools/synopsys/installed_tools/vcs/vcs/Q-2020.03-SP2-8/etc/uvm-1.2/base/uvm_links.svh'.
Back to file '/fetools/synopsys/installed_tools/vcs/vcs/Q-2020.03-SP2-8/etc/uvm-1.2/base/uvm_base.svh'.
Parsing included file '/fetools/synopsys/installed_tools/vcs/vcs/Q-2020.03-SP2-8/etc/uvm-1.2/base/uvm_tr_database.svh'.
Back to file '/fetools/synopsys/installed_tools/vcs/vcs/Q-2020.03-SP2-8/etc/uvm-1.2/base/uvm_base.svh'.
Parsing included file '/fetools/synopsys/installed_tools/vcs/vcs/Q-2020.03-SP2-8/etc/uvm-1.2/base/uvm_tr_stream.svh'.
Back to file '/fetools/synopsys/installed_tools/vcs/vcs/Q-2020.03-SP2-8/etc/uvm-1.2/base/uvm_base.svh'.
Parsing included file '/fetools/synopsys/installed_tools/vcs/vcs/Q-2020.03-SP2-8/etc/uvm-1.2/base/uvm_recorder.svh'.
Back to file '/fetools/synopsys/installed_tools/vcs/vcs/Q-2020.03-SP2-8/etc/uvm-1.2/base/uvm_base.svh'.
Parsing included file '/fetools/synopsys/installed_tools/vcs/vcs/Q-2020.03-SP2-8/etc/uvm-1.2/base/uvm_event_callback.svh'.
Back to file '/fetools/synopsys/installed_tools/vcs/vcs/Q-2020.03-SP2-8/etc/uvm-1.2/base/uvm_base.svh'.
Parsing included file '/fetools/synopsys/installed_tools/vcs/vcs/Q-2020.03-SP2-8/etc/uvm-1.2/base/uvm_event.svh'.
Back to file '/fetools/synopsys/installed_tools/vcs/vcs/Q-2020.03-SP2-8/etc/uvm-1.2/base/uvm_base.svh'.
Parsing included file '/fetools/synopsys/installed_tools/vcs/vcs/Q-2020.03-SP2-8/etc/uvm-1.2/base/uvm_barrier.svh'.
Back to file '/fetools/synopsys/installed_tools/vcs/vcs/Q-2020.03-SP2-8/etc/uvm-1.2/base/uvm_base.svh'.
Parsing included file '/fetools/synopsys/installed_tools/vcs/vcs/Q-2020.03-SP2-8/etc/uvm-1.2/base/uvm_callback.svh'.
Parsing included file '/fetools/synopsys/installed_tools/vcs/vcs/Q-2020.03-SP2-8/etc/uvm-1.2/uvm_macros.svh'.
Back to file '/fetools/synopsys/installed_tools/vcs/vcs/Q-2020.03-SP2-8/etc/uvm-1.2/base/uvm_callback.svh'.
Back to file '/fetools/synopsys/installed_tools/vcs/vcs/Q-2020.03-SP2-8/etc/uvm-1.2/base/uvm_base.svh'.
Parsing included file '/fetools/synopsys/installed_tools/vcs/vcs/Q-2020.03-SP2-8/etc/uvm-1.2/base/uvm_report_message.svh'.
Back to file '/fetools/synopsys/installed_tools/vcs/vcs/Q-2020.03-SP2-8/etc/uvm-1.2/base/uvm_base.svh'.
Parsing included file '/fetools/synopsys/installed_tools/vcs/vcs/Q-2020.03-SP2-8/etc/uvm-1.2/base/uvm_report_catcher.svh'.
Back to file '/fetools/synopsys/installed_tools/vcs/vcs/Q-2020.03-SP2-8/etc/uvm-1.2/base/uvm_base.svh'.
Parsing included file '/fetools/synopsys/installed_tools/vcs/vcs/Q-2020.03-SP2-8/etc/uvm-1.2/base/uvm_report_server.svh'.
Back to file '/fetools/synopsys/installed_tools/vcs/vcs/Q-2020.03-SP2-8/etc/uvm-1.2/base/uvm_base.svh'.
Parsing included file '/fetools/synopsys/installed_tools/vcs/vcs/Q-2020.03-SP2-8/etc/uvm-1.2/base/uvm_report_handler.svh'.
Back to file '/fetools/synopsys/installed_tools/vcs/vcs/Q-2020.03-SP2-8/etc/uvm-1.2/base/uvm_base.svh'.
Parsing included file '/fetools/synopsys/installed_tools/vcs/vcs/Q-2020.03-SP2-8/etc/uvm-1.2/base/uvm_report_object.svh'.
Back to file '/fetools/synopsys/installed_tools/vcs/vcs/Q-2020.03-SP2-8/etc/uvm-1.2/base/uvm_base.svh'.
Parsing included file '/fetools/synopsys/installed_tools/vcs/vcs/Q-2020.03-SP2-8/etc/uvm-1.2/base/uvm_transaction.svh'.
Back to file '/fetools/synopsys/installed_tools/vcs/vcs/Q-2020.03-SP2-8/etc/uvm-1.2/base/uvm_base.svh'.
Parsing included file '/fetools/synopsys/installed_tools/vcs/vcs/Q-2020.03-SP2-8/etc/uvm-1.2/base/uvm_phase.svh'.
Back to file '/fetools/synopsys/installed_tools/vcs/vcs/Q-2020.03-SP2-8/etc/uvm-1.2/base/uvm_base.svh'.
Parsing included file '/fetools/synopsys/installed_tools/vcs/vcs/Q-2020.03-SP2-8/etc/uvm-1.2/base/uvm_domain.svh'.
Back to file '/fetools/synopsys/installed_tools/vcs/vcs/Q-2020.03-SP2-8/etc/uvm-1.2/base/uvm_base.svh'.
Parsing included file '/fetools/synopsys/installed_tools/vcs/vcs/Q-2020.03-SP2-8/etc/uvm-1.2/base/uvm_bottomup_phase.svh'.
Back to file '/fetools/synopsys/installed_tools/vcs/vcs/Q-2020.03-SP2-8/etc/uvm-1.2/base/uvm_base.svh'.
Parsing included file '/fetools/synopsys/installed_tools/vcs/vcs/Q-2020.03-SP2-8/etc/uvm-1.2/base/uvm_topdown_phase.svh'.
Back to file '/fetools/synopsys/installed_tools/vcs/vcs/Q-2020.03-SP2-8/etc/uvm-1.2/base/uvm_base.svh'.
Parsing included file '/fetools/synopsys/installed_tools/vcs/vcs/Q-2020.03-SP2-8/etc/uvm-1.2/base/uvm_task_phase.svh'.
Back to file '/fetools/synopsys/installed_tools/vcs/vcs/Q-2020.03-SP2-8/etc/uvm-1.2/base/uvm_base.svh'.
Parsing included file '/fetools/synopsys/installed_tools/vcs/vcs/Q-2020.03-SP2-8/etc/uvm-1.2/base/uvm_common_phases.svh'.
Back to file '/fetools/synopsys/installed_tools/vcs/vcs/Q-2020.03-SP2-8/etc/uvm-1.2/base/uvm_base.svh'.
Parsing included file '/fetools/synopsys/installed_tools/vcs/vcs/Q-2020.03-SP2-8/etc/uvm-1.2/base/uvm_runtime_phases.svh'.
Back to file '/fetools/synopsys/installed_tools/vcs/vcs/Q-2020.03-SP2-8/etc/uvm-1.2/base/uvm_base.svh'.
Parsing included file '/fetools/synopsys/installed_tools/vcs/vcs/Q-2020.03-SP2-8/etc/uvm-1.2/base/uvm_component.svh'.
Parsing included file '/fetools/synopsys/installed_tools/vcs/vcs/Q-2020.03-SP2-8/etc/uvm-1.2/base/uvm_root.svh'.
Back to file '/fetools/synopsys/installed_tools/vcs/vcs/Q-2020.03-SP2-8/etc/uvm-1.2/base/uvm_component.svh'.
Back to file '/fetools/synopsys/installed_tools/vcs/vcs/Q-2020.03-SP2-8/etc/uvm-1.2/base/uvm_base.svh'.
Parsing included file '/fetools/synopsys/installed_tools/vcs/vcs/Q-2020.03-SP2-8/etc/uvm-1.2/base/uvm_objection.svh'.
Back to file '/fetools/synopsys/installed_tools/vcs/vcs/Q-2020.03-SP2-8/etc/uvm-1.2/base/uvm_base.svh'.
Parsing included file '/fetools/synopsys/installed_tools/vcs/vcs/Q-2020.03-SP2-8/etc/uvm-1.2/base/uvm_heartbeat.svh'.
Back to file '/fetools/synopsys/installed_tools/vcs/vcs/Q-2020.03-SP2-8/etc/uvm-1.2/base/uvm_base.svh'.
Parsing included file '/fetools/synopsys/installed_tools/vcs/vcs/Q-2020.03-SP2-8/etc/uvm-1.2/base/uvm_globals.svh'.
Back to file '/fetools/synopsys/installed_tools/vcs/vcs/Q-2020.03-SP2-8/etc/uvm-1.2/base/uvm_base.svh'.
Parsing included file '/fetools/synopsys/installed_tools/vcs/vcs/Q-2020.03-SP2-8/etc/uvm-1.2/base/uvm_cmdline_processor.svh'.
Back to file '/fetools/synopsys/installed_tools/vcs/vcs/Q-2020.03-SP2-8/etc/uvm-1.2/base/uvm_base.svh'.
Parsing included file '/fetools/synopsys/installed_tools/vcs/vcs/Q-2020.03-SP2-8/etc/uvm-1.2/base/uvm_traversal.svh'.
Back to file '/fetools/synopsys/installed_tools/vcs/vcs/Q-2020.03-SP2-8/etc/uvm-1.2/base/uvm_base.svh'.
Back to file '/fetools/synopsys/installed_tools/vcs/vcs/Q-2020.03-SP2-8/etc/uvm-1.2/uvm_pkg.sv'.
Parsing included file '/fetools/synopsys/installed_tools/vcs/vcs/Q-2020.03-SP2-8/etc/uvm-1.2/dap/uvm_dap.svh'.
Parsing included file '/fetools/synopsys/installed_tools/vcs/vcs/Q-2020.03-SP2-8/etc/uvm-1.2/dap/uvm_set_get_dap_base.svh'.
Back to file '/fetools/synopsys/installed_tools/vcs/vcs/Q-2020.03-SP2-8/etc/uvm-1.2/dap/uvm_dap.svh'.
Parsing included file '/fetools/synopsys/installed_tools/vcs/vcs/Q-2020.03-SP2-8/etc/uvm-1.2/dap/uvm_simple_lock_dap.svh'.
Back to file '/fetools/synopsys/installed_tools/vcs/vcs/Q-2020.03-SP2-8/etc/uvm-1.2/dap/uvm_dap.svh'.
Parsing included file '/fetools/synopsys/installed_tools/vcs/vcs/Q-2020.03-SP2-8/etc/uvm-1.2/dap/uvm_get_to_lock_dap.svh'.
Back to file '/fetools/synopsys/installed_tools/vcs/vcs/Q-2020.03-SP2-8/etc/uvm-1.2/dap/uvm_dap.svh'.
Parsing included file '/fetools/synopsys/installed_tools/vcs/vcs/Q-2020.03-SP2-8/etc/uvm-1.2/dap/uvm_set_before_get_dap.svh'.
Back to file '/fetools/synopsys/installed_tools/vcs/vcs/Q-2020.03-SP2-8/etc/uvm-1.2/dap/uvm_dap.svh'.
Back to file '/fetools/synopsys/installed_tools/vcs/vcs/Q-2020.03-SP2-8/etc/uvm-1.2/uvm_pkg.sv'.
Parsing included file '/fetools/synopsys/installed_tools/vcs/vcs/Q-2020.03-SP2-8/etc/uvm-1.2/tlm1/uvm_tlm.svh'.
Parsing included file '/fetools/synopsys/installed_tools/vcs/vcs/Q-2020.03-SP2-8/etc/uvm-1.2/tlm1/uvm_tlm_ifs.svh'.
Back to file '/fetools/synopsys/installed_tools/vcs/vcs/Q-2020.03-SP2-8/etc/uvm-1.2/tlm1/uvm_tlm.svh'.
Parsing included file '/fetools/synopsys/installed_tools/vcs/vcs/Q-2020.03-SP2-8/etc/uvm-1.2/tlm1/uvm_sqr_ifs.svh'.
Back to file '/fetools/synopsys/installed_tools/vcs/vcs/Q-2020.03-SP2-8/etc/uvm-1.2/tlm1/uvm_tlm.svh'.
Parsing included file '/fetools/synopsys/installed_tools/vcs/vcs/Q-2020.03-SP2-8/etc/uvm-1.2/base/uvm_port_base.svh'.
Back to file '/fetools/synopsys/installed_tools/vcs/vcs/Q-2020.03-SP2-8/etc/uvm-1.2/tlm1/uvm_tlm.svh'.
Parsing included file '/fetools/synopsys/installed_tools/vcs/vcs/Q-2020.03-SP2-8/etc/uvm-1.2/tlm1/uvm_tlm_imps.svh'.
Back to file '/fetools/synopsys/installed_tools/vcs/vcs/Q-2020.03-SP2-8/etc/uvm-1.2/tlm1/uvm_tlm.svh'.
Parsing included file '/fetools/synopsys/installed_tools/vcs/vcs/Q-2020.03-SP2-8/etc/uvm-1.2/tlm1/uvm_imps.svh'.
Back to file '/fetools/synopsys/installed_tools/vcs/vcs/Q-2020.03-SP2-8/etc/uvm-1.2/tlm1/uvm_tlm.svh'.
Parsing included file '/fetools/synopsys/installed_tools/vcs/vcs/Q-2020.03-SP2-8/etc/uvm-1.2/tlm1/uvm_ports.svh'.
Back to file '/fetools/synopsys/installed_tools/vcs/vcs/Q-2020.03-SP2-8/etc/uvm-1.2/tlm1/uvm_tlm.svh'.
Parsing included file '/fetools/synopsys/installed_tools/vcs/vcs/Q-2020.03-SP2-8/etc/uvm-1.2/tlm1/uvm_exports.svh'.
Back to file '/fetools/synopsys/installed_tools/vcs/vcs/Q-2020.03-SP2-8/etc/uvm-1.2/tlm1/uvm_tlm.svh'.
Parsing included file '/fetools/synopsys/installed_tools/vcs/vcs/Q-2020.03-SP2-8/etc/uvm-1.2/tlm1/uvm_analysis_port.svh'.
Back to file '/fetools/synopsys/installed_tools/vcs/vcs/Q-2020.03-SP2-8/etc/uvm-1.2/tlm1/uvm_tlm.svh'.
Parsing included file '/fetools/synopsys/installed_tools/vcs/vcs/Q-2020.03-SP2-8/etc/uvm-1.2/tlm1/uvm_tlm_fifo_base.svh'.
Back to file '/fetools/synopsys/installed_tools/vcs/vcs/Q-2020.03-SP2-8/etc/uvm-1.2/tlm1/uvm_tlm.svh'.
Parsing included file '/fetools/synopsys/installed_tools/vcs/vcs/Q-2020.03-SP2-8/etc/uvm-1.2/tlm1/uvm_tlm_fifos.svh'.
Back to file '/fetools/synopsys/installed_tools/vcs/vcs/Q-2020.03-SP2-8/etc/uvm-1.2/tlm1/uvm_tlm.svh'.
Parsing included file '/fetools/synopsys/installed_tools/vcs/vcs/Q-2020.03-SP2-8/etc/uvm-1.2/tlm1/uvm_tlm_req_rsp.svh'.
Back to file '/fetools/synopsys/installed_tools/vcs/vcs/Q-2020.03-SP2-8/etc/uvm-1.2/tlm1/uvm_tlm.svh'.
Parsing included file '/fetools/synopsys/installed_tools/vcs/vcs/Q-2020.03-SP2-8/etc/uvm-1.2/tlm1/uvm_sqr_connections.svh'.
Back to file '/fetools/synopsys/installed_tools/vcs/vcs/Q-2020.03-SP2-8/etc/uvm-1.2/tlm1/uvm_tlm.svh'.
Back to file '/fetools/synopsys/installed_tools/vcs/vcs/Q-2020.03-SP2-8/etc/uvm-1.2/uvm_pkg.sv'.
Parsing included file '/fetools/synopsys/installed_tools/vcs/vcs/Q-2020.03-SP2-8/etc/uvm-1.2/comps/uvm_comps.svh'.
Parsing included file '/fetools/synopsys/installed_tools/vcs/vcs/Q-2020.03-SP2-8/etc/uvm-1.2/comps/uvm_pair.svh'.
Back to file '/fetools/synopsys/installed_tools/vcs/vcs/Q-2020.03-SP2-8/etc/uvm-1.2/comps/uvm_comps.svh'.
Parsing included file '/fetools/synopsys/installed_tools/vcs/vcs/Q-2020.03-SP2-8/etc/uvm-1.2/comps/uvm_policies.svh'.
Back to file '/fetools/synopsys/installed_tools/vcs/vcs/Q-2020.03-SP2-8/etc/uvm-1.2/comps/uvm_comps.svh'.
Parsing included file '/fetools/synopsys/installed_tools/vcs/vcs/Q-2020.03-SP2-8/etc/uvm-1.2/comps/uvm_in_order_comparator.svh'.
Back to file '/fetools/synopsys/installed_tools/vcs/vcs/Q-2020.03-SP2-8/etc/uvm-1.2/comps/uvm_comps.svh'.
Parsing included file '/fetools/synopsys/installed_tools/vcs/vcs/Q-2020.03-SP2-8/etc/uvm-1.2/comps/uvm_algorithmic_comparator.svh'.
Back to file '/fetools/synopsys/installed_tools/vcs/vcs/Q-2020.03-SP2-8/etc/uvm-1.2/comps/uvm_comps.svh'.
Parsing included file '/fetools/synopsys/installed_tools/vcs/vcs/Q-2020.03-SP2-8/etc/uvm-1.2/comps/uvm_random_stimulus.svh'.
Back to file '/fetools/synopsys/installed_tools/vcs/vcs/Q-2020.03-SP2-8/etc/uvm-1.2/comps/uvm_comps.svh'.
Parsing included file '/fetools/synopsys/installed_tools/vcs/vcs/Q-2020.03-SP2-8/etc/uvm-1.2/comps/uvm_subscriber.svh'.
Back to file '/fetools/synopsys/installed_tools/vcs/vcs/Q-2020.03-SP2-8/etc/uvm-1.2/comps/uvm_comps.svh'.
Parsing included file '/fetools/synopsys/installed_tools/vcs/vcs/Q-2020.03-SP2-8/etc/uvm-1.2/comps/uvm_monitor.svh'.
Back to file '/fetools/synopsys/installed_tools/vcs/vcs/Q-2020.03-SP2-8/etc/uvm-1.2/comps/uvm_comps.svh'.
Parsing included file '/fetools/synopsys/installed_tools/vcs/vcs/Q-2020.03-SP2-8/etc/uvm-1.2/comps/uvm_driver.svh'.
Back to file '/fetools/synopsys/installed_tools/vcs/vcs/Q-2020.03-SP2-8/etc/uvm-1.2/comps/uvm_comps.svh'.
Parsing included file '/fetools/synopsys/installed_tools/vcs/vcs/Q-2020.03-SP2-8/etc/uvm-1.2/comps/uvm_push_driver.svh'.
Back to file '/fetools/synopsys/installed_tools/vcs/vcs/Q-2020.03-SP2-8/etc/uvm-1.2/comps/uvm_comps.svh'.
Parsing included file '/fetools/synopsys/installed_tools/vcs/vcs/Q-2020.03-SP2-8/etc/uvm-1.2/comps/uvm_scoreboard.svh'.
Back to file '/fetools/synopsys/installed_tools/vcs/vcs/Q-2020.03-SP2-8/etc/uvm-1.2/comps/uvm_comps.svh'.
Parsing included file '/fetools/synopsys/installed_tools/vcs/vcs/Q-2020.03-SP2-8/etc/uvm-1.2/comps/uvm_agent.svh'.
Back to file '/fetools/synopsys/installed_tools/vcs/vcs/Q-2020.03-SP2-8/etc/uvm-1.2/comps/uvm_comps.svh'.
Parsing included file '/fetools/synopsys/installed_tools/vcs/vcs/Q-2020.03-SP2-8/etc/uvm-1.2/comps/uvm_env.svh'.
Back to file '/fetools/synopsys/installed_tools/vcs/vcs/Q-2020.03-SP2-8/etc/uvm-1.2/comps/uvm_comps.svh'.
Parsing included file '/fetools/synopsys/installed_tools/vcs/vcs/Q-2020.03-SP2-8/etc/uvm-1.2/comps/uvm_test.svh'.
Back to file '/fetools/synopsys/installed_tools/vcs/vcs/Q-2020.03-SP2-8/etc/uvm-1.2/comps/uvm_comps.svh'.
Back to file '/fetools/synopsys/installed_tools/vcs/vcs/Q-2020.03-SP2-8/etc/uvm-1.2/uvm_pkg.sv'.
Parsing included file '/fetools/synopsys/installed_tools/vcs/vcs/Q-2020.03-SP2-8/etc/uvm-1.2/seq/uvm_seq.svh'.
Parsing included file '/fetools/synopsys/installed_tools/vcs/vcs/Q-2020.03-SP2-8/etc/uvm-1.2/seq/uvm_sequence_item.svh'.
Back to file '/fetools/synopsys/installed_tools/vcs/vcs/Q-2020.03-SP2-8/etc/uvm-1.2/seq/uvm_seq.svh'.
Parsing included file '/fetools/synopsys/installed_tools/vcs/vcs/Q-2020.03-SP2-8/etc/uvm-1.2/seq/uvm_sequencer_base.svh'.
Back to file '/fetools/synopsys/installed_tools/vcs/vcs/Q-2020.03-SP2-8/etc/uvm-1.2/seq/uvm_seq.svh'.
Parsing included file '/fetools/synopsys/installed_tools/vcs/vcs/Q-2020.03-SP2-8/etc/uvm-1.2/seq/uvm_sequencer_analysis_fifo.svh'.
Back to file '/fetools/synopsys/installed_tools/vcs/vcs/Q-2020.03-SP2-8/etc/uvm-1.2/seq/uvm_seq.svh'.
Parsing included file '/fetools/synopsys/installed_tools/vcs/vcs/Q-2020.03-SP2-8/etc/uvm-1.2/seq/uvm_sequencer_param_base.svh'.
Back to file '/fetools/synopsys/installed_tools/vcs/vcs/Q-2020.03-SP2-8/etc/uvm-1.2/seq/uvm_seq.svh'.
Parsing included file '/fetools/synopsys/installed_tools/vcs/vcs/Q-2020.03-SP2-8/etc/uvm-1.2/seq/uvm_sequencer.svh'.
Back to file '/fetools/synopsys/installed_tools/vcs/vcs/Q-2020.03-SP2-8/etc/uvm-1.2/seq/uvm_seq.svh'.
Parsing included file '/fetools/synopsys/installed_tools/vcs/vcs/Q-2020.03-SP2-8/etc/uvm-1.2/seq/uvm_push_sequencer.svh'.
Back to file '/fetools/synopsys/installed_tools/vcs/vcs/Q-2020.03-SP2-8/etc/uvm-1.2/seq/uvm_seq.svh'.
Parsing included file '/fetools/synopsys/installed_tools/vcs/vcs/Q-2020.03-SP2-8/etc/uvm-1.2/seq/uvm_sequence_base.svh'.
Back to file '/fetools/synopsys/installed_tools/vcs/vcs/Q-2020.03-SP2-8/etc/uvm-1.2/seq/uvm_seq.svh'.
Parsing included file '/fetools/synopsys/installed_tools/vcs/vcs/Q-2020.03-SP2-8/etc/uvm-1.2/seq/uvm_sequence.svh'.
Back to file '/fetools/synopsys/installed_tools/vcs/vcs/Q-2020.03-SP2-8/etc/uvm-1.2/seq/uvm_seq.svh'.
Parsing included file '/fetools/synopsys/installed_tools/vcs/vcs/Q-2020.03-SP2-8/etc/uvm-1.2/seq/uvm_sequence_library.svh'.
Back to file '/fetools/synopsys/installed_tools/vcs/vcs/Q-2020.03-SP2-8/etc/uvm-1.2/seq/uvm_seq.svh'.
Parsing included file '/fetools/synopsys/installed_tools/vcs/vcs/Q-2020.03-SP2-8/etc/uvm-1.2/seq/uvm_sequence_builtin.svh'.
Back to file '/fetools/synopsys/installed_tools/vcs/vcs/Q-2020.03-SP2-8/etc/uvm-1.2/seq/uvm_seq.svh'.
Back to file '/fetools/synopsys/installed_tools/vcs/vcs/Q-2020.03-SP2-8/etc/uvm-1.2/uvm_pkg.sv'.
Parsing included file '/fetools/synopsys/installed_tools/vcs/vcs/Q-2020.03-SP2-8/etc/uvm-1.2/tlm2/uvm_tlm2.svh'.
Parsing included file '/fetools/synopsys/installed_tools/vcs/vcs/Q-2020.03-SP2-8/etc/uvm-1.2/tlm2/uvm_tlm2_defines.svh'.
Back to file '/fetools/synopsys/installed_tools/vcs/vcs/Q-2020.03-SP2-8/etc/uvm-1.2/tlm2/uvm_tlm2.svh'.
Parsing included file '/fetools/synopsys/installed_tools/vcs/vcs/Q-2020.03-SP2-8/etc/uvm-1.2/tlm2/uvm_tlm2_time.svh'.
Back to file '/fetools/synopsys/installed_tools/vcs/vcs/Q-2020.03-SP2-8/etc/uvm-1.2/tlm2/uvm_tlm2.svh'.
Parsing included file '/fetools/synopsys/installed_tools/vcs/vcs/Q-2020.03-SP2-8/etc/uvm-1.2/tlm2/uvm_tlm2_generic_payload.svh'.
Back to file '/fetools/synopsys/installed_tools/vcs/vcs/Q-2020.03-SP2-8/etc/uvm-1.2/tlm2/uvm_tlm2.svh'.
Parsing included file '/fetools/synopsys/installed_tools/vcs/vcs/Q-2020.03-SP2-8/etc/uvm-1.2/tlm2/uvm_tlm2_ifs.svh'.
Back to file '/fetools/synopsys/installed_tools/vcs/vcs/Q-2020.03-SP2-8/etc/uvm-1.2/tlm2/uvm_tlm2.svh'.
Parsing included file '/fetools/synopsys/installed_tools/vcs/vcs/Q-2020.03-SP2-8/etc/uvm-1.2/tlm2/uvm_tlm2_imps.svh'.
Back to file '/fetools/synopsys/installed_tools/vcs/vcs/Q-2020.03-SP2-8/etc/uvm-1.2/tlm2/uvm_tlm2.svh'.
Parsing included file '/fetools/synopsys/installed_tools/vcs/vcs/Q-2020.03-SP2-8/etc/uvm-1.2/tlm2/uvm_tlm2_ports.svh'.
Back to file '/fetools/synopsys/installed_tools/vcs/vcs/Q-2020.03-SP2-8/etc/uvm-1.2/tlm2/uvm_tlm2.svh'.
Parsing included file '/fetools/synopsys/installed_tools/vcs/vcs/Q-2020.03-SP2-8/etc/uvm-1.2/tlm2/uvm_tlm2_exports.svh'.
Back to file '/fetools/synopsys/installed_tools/vcs/vcs/Q-2020.03-SP2-8/etc/uvm-1.2/tlm2/uvm_tlm2.svh'.
Parsing included file '/fetools/synopsys/installed_tools/vcs/vcs/Q-2020.03-SP2-8/etc/uvm-1.2/tlm2/uvm_tlm2_sockets_base.svh'.
Back to file '/fetools/synopsys/installed_tools/vcs/vcs/Q-2020.03-SP2-8/etc/uvm-1.2/tlm2/uvm_tlm2.svh'.
Parsing included file '/fetools/synopsys/installed_tools/vcs/vcs/Q-2020.03-SP2-8/etc/uvm-1.2/tlm2/uvm_tlm2_sockets.svh'.
Back to file '/fetools/synopsys/installed_tools/vcs/vcs/Q-2020.03-SP2-8/etc/uvm-1.2/tlm2/uvm_tlm2.svh'.
Back to file '/fetools/synopsys/installed_tools/vcs/vcs/Q-2020.03-SP2-8/etc/uvm-1.2/uvm_pkg.sv'.
Parsing included file '/fetools/synopsys/installed_tools/vcs/vcs/Q-2020.03-SP2-8/etc/uvm-1.2/reg/uvm_reg_model.svh'.
Parsing included file '/fetools/synopsys/installed_tools/vcs/vcs/Q-2020.03-SP2-8/etc/uvm-1.2/reg/uvm_reg_item.svh'.
Back to file '/fetools/synopsys/installed_tools/vcs/vcs/Q-2020.03-SP2-8/etc/uvm-1.2/reg/uvm_reg_model.svh'.
Parsing included file '/fetools/synopsys/installed_tools/vcs/vcs/Q-2020.03-SP2-8/etc/uvm-1.2/reg/uvm_reg_adapter.svh'.
Back to file '/fetools/synopsys/installed_tools/vcs/vcs/Q-2020.03-SP2-8/etc/uvm-1.2/reg/uvm_reg_model.svh'.
Parsing included file '/fetools/synopsys/installed_tools/vcs/vcs/Q-2020.03-SP2-8/etc/uvm-1.2/reg/uvm_reg_predictor.svh'.
Back to file '/fetools/synopsys/installed_tools/vcs/vcs/Q-2020.03-SP2-8/etc/uvm-1.2/reg/uvm_reg_model.svh'.
Parsing included file '/fetools/synopsys/installed_tools/vcs/vcs/Q-2020.03-SP2-8/etc/uvm-1.2/reg/uvm_reg_sequence.svh'.
Back to file '/fetools/synopsys/installed_tools/vcs/vcs/Q-2020.03-SP2-8/etc/uvm-1.2/reg/uvm_reg_model.svh'.
Parsing included file '/fetools/synopsys/installed_tools/vcs/vcs/Q-2020.03-SP2-8/etc/uvm-1.2/reg/uvm_reg_cbs.svh'.
Back to file '/fetools/synopsys/installed_tools/vcs/vcs/Q-2020.03-SP2-8/etc/uvm-1.2/reg/uvm_reg_model.svh'.
Parsing included file '/fetools/synopsys/installed_tools/vcs/vcs/Q-2020.03-SP2-8/etc/uvm-1.2/reg/uvm_reg_backdoor.svh'.
Back to file '/fetools/synopsys/installed_tools/vcs/vcs/Q-2020.03-SP2-8/etc/uvm-1.2/reg/uvm_reg_model.svh'.
Parsing included file '/fetools/synopsys/installed_tools/vcs/vcs/Q-2020.03-SP2-8/etc/uvm-1.2/reg/uvm_reg_field.svh'.
Back to file '/fetools/synopsys/installed_tools/vcs/vcs/Q-2020.03-SP2-8/etc/uvm-1.2/reg/uvm_reg_model.svh'.
Parsing included file '/fetools/synopsys/installed_tools/vcs/vcs/Q-2020.03-SP2-8/etc/uvm-1.2/reg/uvm_vreg_field.svh'.
Back to file '/fetools/synopsys/installed_tools/vcs/vcs/Q-2020.03-SP2-8/etc/uvm-1.2/reg/uvm_reg_model.svh'.
Parsing included file '/fetools/synopsys/installed_tools/vcs/vcs/Q-2020.03-SP2-8/etc/uvm-1.2/reg/uvm_reg.svh'.
Back to file '/fetools/synopsys/installed_tools/vcs/vcs/Q-2020.03-SP2-8/etc/uvm-1.2/reg/uvm_reg_model.svh'.
Parsing included file '/fetools/synopsys/installed_tools/vcs/vcs/Q-2020.03-SP2-8/etc/uvm-1.2/reg/uvm_reg_indirect.svh'.
Back to file '/fetools/synopsys/installed_tools/vcs/vcs/Q-2020.03-SP2-8/etc/uvm-1.2/reg/uvm_reg_model.svh'.
Parsing included file '/fetools/synopsys/installed_tools/vcs/vcs/Q-2020.03-SP2-8/etc/uvm-1.2/reg/uvm_reg_fifo.svh'.
Back to file '/fetools/synopsys/installed_tools/vcs/vcs/Q-2020.03-SP2-8/etc/uvm-1.2/reg/uvm_reg_model.svh'.
Parsing included file '/fetools/synopsys/installed_tools/vcs/vcs/Q-2020.03-SP2-8/etc/uvm-1.2/reg/uvm_reg_file.svh'.
Back to file '/fetools/synopsys/installed_tools/vcs/vcs/Q-2020.03-SP2-8/etc/uvm-1.2/reg/uvm_reg_model.svh'.
Parsing included file '/fetools/synopsys/installed_tools/vcs/vcs/Q-2020.03-SP2-8/etc/uvm-1.2/reg/uvm_mem_mam.svh'.
Back to file '/fetools/synopsys/installed_tools/vcs/vcs/Q-2020.03-SP2-8/etc/uvm-1.2/reg/uvm_reg_model.svh'.
Parsing included file '/fetools/synopsys/installed_tools/vcs/vcs/Q-2020.03-SP2-8/etc/uvm-1.2/reg/uvm_vreg.svh'.
Back to file '/fetools/synopsys/installed_tools/vcs/vcs/Q-2020.03-SP2-8/etc/uvm-1.2/reg/uvm_reg_model.svh'.
Parsing included file '/fetools/synopsys/installed_tools/vcs/vcs/Q-2020.03-SP2-8/etc/uvm-1.2/reg/uvm_mem.svh'.
Back to file '/fetools/synopsys/installed_tools/vcs/vcs/Q-2020.03-SP2-8/etc/uvm-1.2/reg/uvm_reg_model.svh'.
Parsing included file '/fetools/synopsys/installed_tools/vcs/vcs/Q-2020.03-SP2-8/etc/uvm-1.2/reg/uvm_reg_map.svh'.
Back to file '/fetools/synopsys/installed_tools/vcs/vcs/Q-2020.03-SP2-8/etc/uvm-1.2/reg/uvm_reg_model.svh'.
Parsing included file '/fetools/synopsys/installed_tools/vcs/vcs/Q-2020.03-SP2-8/etc/uvm-1.2/reg/uvm_reg_block.svh'.
Back to file '/fetools/synopsys/installed_tools/vcs/vcs/Q-2020.03-SP2-8/etc/uvm-1.2/reg/uvm_reg_model.svh'.
Parsing included file '/fetools/synopsys/installed_tools/vcs/vcs/Q-2020.03-SP2-8/etc/uvm-1.2/reg/sequences/uvm_reg_hw_reset_seq.svh'.
Back to file '/fetools/synopsys/installed_tools/vcs/vcs/Q-2020.03-SP2-8/etc/uvm-1.2/reg/uvm_reg_model.svh'.
Parsing included file '/fetools/synopsys/installed_tools/vcs/vcs/Q-2020.03-SP2-8/etc/uvm-1.2/reg/sequences/uvm_reg_bit_bash_seq.svh'.
Back to file '/fetools/synopsys/installed_tools/vcs/vcs/Q-2020.03-SP2-8/etc/uvm-1.2/reg/uvm_reg_model.svh'.
Parsing included file '/fetools/synopsys/installed_tools/vcs/vcs/Q-2020.03-SP2-8/etc/uvm-1.2/reg/sequences/uvm_mem_walk_seq.svh'.
Back to file '/fetools/synopsys/installed_tools/vcs/vcs/Q-2020.03-SP2-8/etc/uvm-1.2/reg/uvm_reg_model.svh'.
Parsing included file '/fetools/synopsys/installed_tools/vcs/vcs/Q-2020.03-SP2-8/etc/uvm-1.2/reg/sequences/uvm_mem_access_seq.svh'.
Back to file '/fetools/synopsys/installed_tools/vcs/vcs/Q-2020.03-SP2-8/etc/uvm-1.2/reg/uvm_reg_model.svh'.
Parsing included file '/fetools/synopsys/installed_tools/vcs/vcs/Q-2020.03-SP2-8/etc/uvm-1.2/reg/sequences/uvm_reg_access_seq.svh'.
Back to file '/fetools/synopsys/installed_tools/vcs/vcs/Q-2020.03-SP2-8/etc/uvm-1.2/reg/uvm_reg_model.svh'.
Parsing included file '/fetools/synopsys/installed_tools/vcs/vcs/Q-2020.03-SP2-8/etc/uvm-1.2/reg/sequences/uvm_reg_mem_shared_access_seq.svh'.
Back to file '/fetools/synopsys/installed_tools/vcs/vcs/Q-2020.03-SP2-8/etc/uvm-1.2/reg/uvm_reg_model.svh'.
Parsing included file '/fetools/synopsys/installed_tools/vcs/vcs/Q-2020.03-SP2-8/etc/uvm-1.2/reg/sequences/uvm_reg_mem_built_in_seq.svh'.
Back to file '/fetools/synopsys/installed_tools/vcs/vcs/Q-2020.03-SP2-8/etc/uvm-1.2/reg/uvm_reg_model.svh'.
Parsing included file '/fetools/synopsys/installed_tools/vcs/vcs/Q-2020.03-SP2-8/etc/uvm-1.2/reg/sequences/uvm_reg_mem_hdl_paths_seq.svh'.
Back to file '/fetools/synopsys/installed_tools/vcs/vcs/Q-2020.03-SP2-8/etc/uvm-1.2/reg/uvm_reg_model.svh'.
Parsing included file '/fetools/synopsys/installed_tools/vcs/vcs/Q-2020.03-SP2-8/etc/uvm-1.2/reg/snps_uvm_reg_bank.svh'.
Back to file '/fetools/synopsys/installed_tools/vcs/vcs/Q-2020.03-SP2-8/etc/uvm-1.2/reg/uvm_reg_model.svh'.
Back to file '/fetools/synopsys/installed_tools/vcs/vcs/Q-2020.03-SP2-8/etc/uvm-1.2/uvm_pkg.sv'.
Parsing included file '/fetools/synopsys/installed_tools/vcs/vcs/Q-2020.03-SP2-8/etc/uvm-1.2/vcs/vcs_uvm_alt.sv'.
Back to file '/fetools/synopsys/installed_tools/vcs/vcs/Q-2020.03-SP2-8/etc/uvm-1.2/uvm_pkg.sv'.
Parsing design file '/fetools/synopsys/installed_tools/vcs/vcs/Q-2020.03-SP2-8/etc/uvm-1.2/vcs/uvm_custom_install_vcs_recorder.sv'
Parsing included file '/fetools/synopsys/installed_tools/vcs/vcs/Q-2020.03-SP2-8/etc/uvm-1.2/vcs/msglog.svh'.
Back to file '/fetools/synopsys/installed_tools/vcs/vcs/Q-2020.03-SP2-8/etc/uvm-1.2/vcs/uvm_custom_install_vcs_recorder.sv'.
Parsing included file '/fetools/synopsys/installed_tools/vcs/vcs/Q-2020.03-SP2-8/etc/uvm-1.2/vcs/uvm_msglog_report_server.sv'.
Back to file '/fetools/synopsys/installed_tools/vcs/vcs/Q-2020.03-SP2-8/etc/uvm-1.2/vcs/uvm_custom_install_vcs_recorder.sv'.
Parsing included file '/fetools/synopsys/installed_tools/vcs/vcs/Q-2020.03-SP2-8/etc/uvm-1.2/vcs/uvm_vcs_recorder.svh'.
Parsing included file '/fetools/synopsys/installed_tools/vcs/vcs/Q-2020.03-SP2-8/etc/uvm-1.2/vcs/uvm_vcs_tr_database.svh'.
Parsing included file '/fetools/synopsys/installed_tools/vcs/vcs/Q-2020.03-SP2-8/etc/uvm-1.2/vcs/uvm_vcs_tr_stream.svh'.
Back to file '/fetools/synopsys/installed_tools/vcs/vcs/Q-2020.03-SP2-8/etc/uvm-1.2/vcs/uvm_vcs_tr_database.svh'.
Back to file '/fetools/synopsys/installed_tools/vcs/vcs/Q-2020.03-SP2-8/etc/uvm-1.2/vcs/uvm_vcs_recorder.svh'.
Back to file '/fetools/synopsys/installed_tools/vcs/vcs/Q-2020.03-SP2-8/etc/uvm-1.2/vcs/uvm_custom_install_vcs_recorder.sv'.
Parsing included file '/fetools/synopsys/installed_tools/vcs/vcs/Q-2020.03-SP2-8/etc/uvm-1.2/vcs/uvm_vcs_record_interface.sv'.
Back to file '/fetools/synopsys/installed_tools/vcs/vcs/Q-2020.03-SP2-8/etc/uvm-1.2/vcs/uvm_custom_install_vcs_recorder.sv'.
Parsing design file '/fetools/synopsys/installed_tools/vcs/vcs/Q-2020.03-SP2-8/etc/uvm-1.2/verdi/uvm_custom_install_verdi_recorder.sv'
Parsing included file '/fetools/synopsys/installed_tools/vcs/vcs/Q-2020.03-SP2-8/etc/uvm-1.2/uvm_macros.svh'.
Back to file '/fetools/synopsys/installed_tools/vcs/vcs/Q-2020.03-SP2-8/etc/uvm-1.2/verdi/uvm_custom_install_verdi_recorder.sv'.
Parsing included file '/fetools/synopsys/installed_tools/vcs/vcs/Q-2020.03-SP2-8/etc/uvm-1.2/verdi/uvm_verdi_recorder.svh'.
Parsing included file '/fetools/synopsys/installed_tools/vcs/vcs/Q-2020.03-SP2-8/etc/uvm-1.2/verdi/uvm_verdi_pli_base.svh'.
Back to file '/fetools/synopsys/installed_tools/vcs/vcs/Q-2020.03-SP2-8/etc/uvm-1.2/verdi/uvm_verdi_recorder.svh'.
Parsing included file '/fetools/synopsys/installed_tools/vcs/vcs/Q-2020.03-SP2-8/etc/uvm-1.2/verdi/uvm_verdi_tr_database.svh'.
Parsing included file '/fetools/synopsys/installed_tools/vcs/vcs/Q-2020.03-SP2-8/etc/uvm-1.2/verdi/uvm_verdi_tr_stream.svh'.
Back to file '/fetools/synopsys/installed_tools/vcs/vcs/Q-2020.03-SP2-8/etc/uvm-1.2/verdi/uvm_verdi_tr_database.svh'.
Back to file '/fetools/synopsys/installed_tools/vcs/vcs/Q-2020.03-SP2-8/etc/uvm-1.2/verdi/uvm_verdi_recorder.svh'.
Back to file '/fetools/synopsys/installed_tools/vcs/vcs/Q-2020.03-SP2-8/etc/uvm-1.2/verdi/uvm_custom_install_verdi_recorder.sv'.
Parsing included file '/fetools/synopsys/installed_tools/vcs/vcs/Q-2020.03-SP2-8/etc/uvm-1.2/verdi/uvm_verdi_reg_map_recording.sv'.
Back to file '/fetools/synopsys/installed_tools/vcs/vcs/Q-2020.03-SP2-8/etc/uvm-1.2/verdi/uvm_custom_install_verdi_recorder.sv'.
Parsing included file '/fetools/synopsys/installed_tools/vcs/vcs/Q-2020.03-SP2-8/etc/uvm-1.2/verdi/uvm_verdi_message_catcher.svh'.
Parsing included file '/fetools/synopsys/installed_tools/vcs/vcs/Q-2020.03-SP2-8/etc/uvm-1.2/verdi/uvm_verdi_pli_base.svh'.
Back to file '/fetools/synopsys/installed_tools/vcs/vcs/Q-2020.03-SP2-8/etc/uvm-1.2/verdi/uvm_verdi_message_catcher.svh'.
Back to file '/fetools/synopsys/installed_tools/vcs/vcs/Q-2020.03-SP2-8/etc/uvm-1.2/verdi/uvm_custom_install_verdi_recorder.sv'.
Parsing included file '/fetools/synopsys/installed_tools/vcs/vcs/Q-2020.03-SP2-8/etc/uvm-1.2/verdi/uvm_verdi_factory.svh'.
Back to file '/fetools/synopsys/installed_tools/vcs/vcs/Q-2020.03-SP2-8/etc/uvm-1.2/verdi/uvm_custom_install_verdi_recorder.sv'.
Parsing included file '/fetools/synopsys/installed_tools/vcs/vcs/Q-2020.03-SP2-8/etc/uvm-1.2/verdi/./dpi/uvm_verdi_dpi.svh'.
Back to file '/fetools/synopsys/installed_tools/vcs/vcs/Q-2020.03-SP2-8/etc/uvm-1.2/verdi/uvm_custom_install_verdi_recorder.sv'.
Parsing included file '/fetools/synopsys/installed_tools/vcs/vcs/Q-2020.03-SP2-8/etc/uvm-1.2/verdi/uvm_verdi_reg_recording.sv'.
Back to file '/fetools/synopsys/installed_tools/vcs/vcs/Q-2020.03-SP2-8/etc/uvm-1.2/verdi/uvm_custom_install_verdi_recorder.sv'.
Parsing included file '/fetools/synopsys/installed_tools/verdi/verdi/Q-2020.03-SP2-8/share/PLI/VCS/include/verdi_trans_recorder_dpi.svh'.
Back to file '/fetools/synopsys/installed_tools/vcs/vcs/Q-2020.03-SP2-8/etc/uvm-1.2/verdi/uvm_custom_install_verdi_recorder.sv'.
Parsing included file '/fetools/synopsys/installed_tools/vcs/vcs/Q-2020.03-SP2-8/etc/uvm-1.2/verdi/uvm_verdi_pli.svh'.
Back to file '/fetools/synopsys/installed_tools/vcs/vcs/Q-2020.03-SP2-8/etc/uvm-1.2/verdi/uvm_custom_install_verdi_recorder.sv'.
Parsing design file '/fetools/synopsys/installed_tools/vcs/vcs/Q-2020.03-SP2-8/etc/uvm-1.2/verdi/uvm_custom_install_verdi_recorder.sv'
Parsing design file 'apb_defines.svh'
Parsing design file 'apb_if.sv'
Parsing included file 'apb_defines.svh'.
Back to file 'apb_if.sv'.
Parsing design file 'apb_slave.sv'
Parsing design file 'apb_package.sv'
Parsing included file '/fetools/synopsys/installed_tools/vcs/vcs/Q-2020.03-SP2-8/etc/uvm-1.2/uvm_macros.svh'.
Back to file 'apb_package.sv'.
Parsing included file 'apb_sequence_item.sv'.
Back to file 'apb_package.sv'.
Parsing included file 'apb_sequence.sv'.
Back to file 'apb_package.sv'.
Parsing included file 'apb_reset_seq.sv'.
Back to file 'apb_package.sv'.
Parsing included file 'apb_sequencer.sv'.
Back to file 'apb_package.sv'.
Parsing included file 'apb_virtual_sequencer.sv'.
Back to file 'apb_package.sv'.
Parsing included file 'apb_driver.sv'.
Back to file 'apb_package.sv'.
Parsing included file 'apb_monitor.sv'.
Back to file 'apb_package.sv'.
Parsing included file 'apb_agent.sv'.
Back to file 'apb_package.sv'.
Parsing included file 'apb_reference_model.sv'.
Back to file 'apb_package.sv'.
Parsing included file 'apb_scoreboard.sv'.
Back to file 'apb_package.sv'.
Parsing included file 'apb_env.sv'.
Back to file 'apb_package.sv'.
Parsing included file 'apb_test.sv'.
Back to file 'apb_package.sv'.
Parsing design file 'apb_top.sv'
Top Level Modules:
       uvm_custom_install_recording
       uvm_custom_install_verdi_recording
       tb_top
TimeScale is 1 ns / 1 ps
Starting vcs inline pass...

10 modules and 0 UDP read.
recompiling package vcs_paramclassrepository
recompiling module uvm_custom_install_verdi_recording
recompiling package apb_pkg
3 of 10 modules done
	However, due to incremental compilation, only 3 modules need to be compiled. 
rm -f _cuarc*.so _csrc*.so pre_vcsobj_*.so share_vcsobj_*.so
ld -shared  -Bsymbolic   -o .//../simv.daidir//_cuarc0.so objs/amcQw_d.o 
rm -f _cuarc0.so
if [ -x ../simv ]; then chmod a-x ../simv; fi
g++  -o ../simv      -rdynamic  -Wl,-rpath='$ORIGIN'/simv.daidir -Wl,-rpath=./simv.daidir \
-Wl,-rpath=/fetools/synopsys/installed_tools/vcs/vcs/Q-2020.03-SP2-8/linux64/lib \
-L/fetools/synopsys/installed_tools/vcs/vcs/Q-2020.03-SP2-8/linux64/lib  -Wl,-rpath-link=./ \
/usr/lib64/libnuma.so.1 uvm_dpi.o uvm_verdi_dpi.o     _168169_archive_1.so _prev_archive_1.so \
_cuarc0.so  SIM_l.o      rmapats_mop.o rmapats.o rmar.o rmar_nd.o  rmar_llvm_0_1.o \
rmar_llvm_0_0.o          -lvirsim -lerrorinf -lsnpsmalloc -lvfs    -lvcsnew -lsimprofile \
-luclinative /fetools/synopsys/installed_tools/vcs/vcs/Q-2020.03-SP2-8/linux64/lib/vcs_tls.o \
-Wl,-whole-archive  -lvcsucli    -Wl,-no-whole-archive       ./../simv.daidir/vc_hdrs.o \
_vcs_pli_stub_.o   /fetools/synopsys/installed_tools/vcs/vcs/Q-2020.03-SP2-8/linux64/lib/vcs_save_restore_new.o \
/fetools/synopsys/installed_tools/verdi/verdi/Q-2020.03-SP2-8/share/PLI/VCS/LINUX64/pli.a \
-ldl  -lc -lm -lpthread -ldl 
../simv up to date
CPU time: 11.687 seconds to compile + .459 seconds to elab + .701 seconds to link
Verdi KDB elaboration done and the database successfully generated: 0 error(s), 0 warning(s)
